
> exploreda-outline-final-review@0.0.0 test
> node --test checker/*.test.mjs

TAP version 13
# Subtest: repairs apply atomically from the original snapshot
ok 1 - repairs apply atomically from the original snapshot
  ---
  duration_ms: 1.199587
  type: 'test'
  ...
# Subtest: a stale repair blocks the whole batch
ok 2 - a stale repair blocks the whole batch
  ---
  duration_ms: 1.945031
  type: 'test'
  ...
# Subtest: overlapping repairs fail
ok 3 - overlapping repairs fail
  ---
  duration_ms: 0.314694
  type: 'test'
  ...
# Subtest: CRLF ranges use UTF-16 line columns
ok 4 - CRLF ranges use UTF-16 line columns
  ---
  duration_ms: 0.252861
  type: 'test'
  ...
# Subtest: bare CR line breaks have consistent offsets
ok 5 - bare CR line breaks have consistent offsets
  ---
  duration_ms: 0.178058
  type: 'test'
  ...
# Subtest: UTF-16 string offsets preserve surrounding unicode
ok 6 - UTF-16 string offsets preserve surrounding unicode
  ---
  duration_ms: 0.191449
  type: 'test'
  ...
# Subtest: invalid line position fails
ok 7 - invalid line position fails
  ---
  duration_ms: 0.269426
  type: 'test'
  ...
# Subtest: ambiguous concurrent insertions fail
ok 8 - ambiguous concurrent insertions fail
  ---
  duration_ms: 0.194002
  type: 'test'
  ...
# Subtest: formula aliases lower structurally to native names
ok 9 - formula aliases lower structurally to native names
  ---
  duration_ms: 11.580631
  type: 'test'
  ...
# Subtest: forward dependencies are emitted topologically
ok 10 - forward dependencies are emitted topologically
  ---
  duration_ms: 1.211546
  type: 'test'
  ...
# Subtest: calculated fields are usable by every supported role
ok 11 - calculated fields are usable by every supported role
  ---
  duration_ms: 3.922581
  type: 'test'
  ...
# Subtest: calculation display metadata is separate from expression
ok 12 - calculation display metadata is separate from expression
  ---
  duration_ms: 0.994679
  type: 'test'
  ...
# Subtest: type annotations do not coerce derived values
ok 13 - type annotations do not coerce derived values
  ---
  duration_ms: 0.745644
  type: 'test'
  ...
# Subtest: quoted literal strings are never alias-rewritten
ok 14 - quoted literal strings are never alias-rewritten
  ---
  duration_ms: 0.545181
  type: 'test'
  ...
# Subtest: exact bracket references bypass aliases
ok 15 - exact bracket references bypass aliases
  ---
  duration_ms: 0.572753
  type: 'test'
  ...
# Subtest: exact bracket references must name native fields
ok 16 - exact bracket references must name native fields
  ---
  duration_ms: 0.631652
  type: 'test'
  ...
# Subtest: native calculation names with spaces can be authored exactly
ok 17 - native calculation names with spaces can be authored exactly
  ---
  duration_ms: 0.76282
  type: 'test'
  ...
# Subtest: calculated booleans support cross-field OR without hidden state
ok 18 - calculated booleans support cross-field OR without hidden state
  ---
  duration_ms: 1.816968
  type: 'test'
  ...
# Subtest: single-node calculation cycle
ok 19 - single-node calculation cycle
  ---
  duration_ms: 0.526243
  type: 'test'
  ...
# Subtest: multi-node cycle names the chain
ok 20 - multi-node cycle names the chain
  ---
  duration_ms: 0.551041
  type: 'test'
  ...
# Subtest: duplicate calculation is rejected
ok 21 - duplicate calculation is rejected
  ---
  duration_ms: 0.377929
  type: 'test'
  ...
# Subtest: calculation cannot shadow a source alias
ok 22 - calculation cannot shadow a source alias
  ---
  duration_ms: 1.04159
  type: 'test'
  ...
# Subtest: calculation cannot shadow a raw source field
ok 23 - calculation cannot shadow a raw source field
  ---
  duration_ms: 0.303868
  type: 'test'
  ...
# Subtest: reserved calculation identity is rejected
ok 24 - reserved calculation identity is rejected
  ---
  duration_ms: 0.288154
  type: 'test'
  ...
# Subtest: typo in a formula reports its exact expression token
ok 25 - typo in a formula reports its exact expression token
  ---
  duration_ms: 0.37117
  type: 'test'
  ...
# Subtest: unknown function is rejected
ok 26 - unknown function is rejected
  ---
  duration_ms: 0.462557
  type: 'test'
  ...
# Subtest: built-in arity is checked
ok 27 - built-in arity is checked
  ---
  duration_ms: 0.386803
  type: 'test'
  ...
# Subtest: native functions are case-insensitive
ok 28 - native functions are case-insensitive
  ---
  duration_ms: 0.410328
  type: 'test'
  ...
# Subtest: row aggregates do not masquerade as dataset totals
ok 29 - row aggregates do not masquerade as dataset totals
  ---
  duration_ms: 0.367334
  type: 'test'
  ...
# Subtest: a numeric operation rejects a known text field
ok 30 - a numeric operation rejects a known text field
  ---
  duration_ms: 0.349887
  type: 'test'
  ...
# Subtest: a numeric operation rejects booleans
ok 31 - a numeric operation rejects booleans
  ---
  duration_ms: 0.383137
  type: 'test'
  ...
# Subtest: numeric strings are not silently treated as numeric literals
ok 32 - numeric strings are not silently treated as numeric literals
  ---
  duration_ms: 0.342666
  type: 'test'
  ...
# Subtest: optional catalog leaves bindings deferred
ok 33 - optional catalog leaves bindings deferred
  ---
  duration_ms: 0.469257
  type: 'test'
  ...
# Subtest: metadata cannot overwrite a formula
ok 34 - metadata cannot overwrite a formula
  ---
  duration_ms: 0.394645
  type: 'test'
  ...
# Subtest: trailing metadata needs an explicit + line
ok 35 - trailing metadata needs an explicit + line
  ---
  duration_ms: 0.409537
  type: 'test'
  ...
# Subtest: metadata duplicate reports conflict
ok 36 - metadata duplicate reports conflict
  ---
  duration_ms: 0.411911
  type: 'test'
  ...
# Subtest: metadata format and precision are checked
ok 37 - metadata format and precision are checked
  ---
  duration_ms: 0.732804
  type: 'test'
  ...
# Subtest: bad calc declaration breaks continuation chain
ok 38 - bad calc declaration breaks continuation chain
  ---
  duration_ms: 1.198105
  type: 'test'
  ...
# Subtest: malformed formula does not hide later chart errors
ok 39 - malformed formula does not hide later chart errors
  ---
  duration_ms: 9.656892
  type: 'test'
  ...
# Subtest: calculation count is bounded
ok 40 - calculation count is bounded
  ---
  duration_ms: 4.399079
  type: 'test'
  ...
# Subtest: expression grammar 2+3*4
ok 41 - expression grammar 2+3*4
  ---
  duration_ms: 0.163487
  type: 'test'
  ...
# Subtest: expression grammar 2^3^2
ok 42 - expression grammar 2^3^2
  ---
  duration_ms: 0.094683
  type: 'test'
  ...
# Subtest: expression grammar -2^2
ok 43 - expression grammar -2^2
  ---
  duration_ms: 0.098058
  type: 'test'
  ...
# Subtest: expression grammar -(2^2)
ok 44 - expression grammar -(2^2)
  ---
  duration_ms: 0.13939
  type: 'test'
  ...
# Subtest: expression grammar 1e-4+.5
ok 45 - expression grammar 1e-4+.5
  ---
  duration_ms: 0.089575
  type: 'test'
  ...
# Subtest: expression grammar 1e21
ok 46 - expression grammar 1e21
  ---
  duration_ms: 0.089856
  type: 'test'
  ...
# Subtest: expression grammar if true then 1 else 2
ok 47 - expression grammar if true then 1 else 2
  ---
  duration_ms: 0.102144
  type: 'test'
  ...
# Subtest: expression grammar true ? 1 : 2
ok 48 - expression grammar true ? 1 : 2
  ---
  duration_ms: 0.092108
  type: 'test'
  ...
# Subtest: expression grammar 1<2 && 2<3
ok 49 - expression grammar 1<2 && 2<3
  ---
  duration_ms: 0.091247
  type: 'test'
  ...
# Subtest: expression grammar !false || false
ok 50 - expression grammar !false || false
  ---
  duration_ms: 0.087912
  type: 'test'
  ...
# Subtest: expression grammar sum(1,avg(2,3))
ok 51 - expression grammar sum(1,avg(2,3))
  ---
  duration_ms: 0.098078
  type: 'test'
  ...
# Subtest: expression grammar "\# protected"
ok 52 - expression grammar "\# protected"
  ---
  duration_ms: 0.125559
  type: 'test'
  ...
# Subtest: expression grammar 1 \# comment
ok 53 - expression grammar 1 \# comment
  ---
  duration_ms: 0.14563
  type: 'test'
  ...
# Subtest: expression grammar 1 // comment
ok 54 - expression grammar 1 // comment
  ---
  duration_ms: 0.080631
  type: 'test'
  ...
# Subtest: reject unsafe/unsupported expression 1**2
ok 55 - reject unsafe/unsupported expression 1**2
  ---
  duration_ms: 0.413783
  type: 'test'
  ...
# Subtest: reject unsafe/unsupported expression a.b
ok 56 - reject unsafe/unsupported expression a.b
  ---
  duration_ms: 0.110837
  type: 'test'
  ...
# Subtest: reject unsafe/unsupported expression a=1
ok 57 - reject unsafe/unsupported expression a=1
  ---
  duration_ms: 0.131698
  type: 'test'
  ...
# Subtest: reject unsafe/unsupported expression (1+2
ok 58 - reject unsafe/unsupported expression (1+2
  ---
  duration_ms: 0.103256
  type: 'test'
  ...
# Subtest: reject unsafe/unsupported expression "bad
ok 59 - reject unsafe/unsupported expression "bad
  ---
  duration_ms: 0.07314
  type: 'test'
  ...
# Subtest: reject unsafe/unsupported expression [Revenue]
ok 60 - reject unsafe/unsupported expression [Revenue]
  ---
  duration_ms: 0.074242
  type: 'test'
  ...
# Subtest: reject unsafe/unsupported expression then
ok 61 - reject unsafe/unsupported expression then
  ---
  duration_ms: 0.086871
  type: 'test'
  ...
# Subtest: reject unsafe/unsupported expression 1e999
ok 62 - reject unsafe/unsupported expression 1e999
  ---
  duration_ms: 0.079099
  type: 'test'
  ...
# Subtest: reject unsafe/unsupported expression 1%2
ok 63 - reject unsafe/unsupported expression 1%2
  ---
  duration_ms: 0.084648
  type: 'test'
  ...
# Subtest: reject unsafe/unsupported expression new Date()
ok 64 - reject unsafe/unsupported expression new Date()
  ---
  duration_ms: 0.174473
  type: 'test'
  ...
# Subtest: expression recursion is bounded
ok 65 - expression recursion is bounded
  ---
  duration_ms: 0.276206
  type: 'test'
  ...
# Subtest: null arm preserves numeric result inference
ok 66 - null arm preserves numeric result inference
  ---
  duration_ms: 0.124568
  type: 'test'
  ...
# Subtest: inclusive numeric range is native min/max
ok 67 - inclusive numeric range is native min/max
  ---
  duration_ms: 1.044003
  type: 'test'
  ...
# Subtest: open lower bound
ok 68 - open lower bound
  ---
  duration_ms: 0.60425
  type: 'test'
  ...
# Subtest: open upper bound
ok 69 - open upper bound
  ---
  duration_ms: 0.589989
  type: 'test'
  ...
# Subtest: numeric exact value uses degenerate range
ok 70 - numeric exact value uses degenerate range
  ---
  duration_ms: 0.55687
  type: 'test'
  ...
# Subtest: negative and exponent numeric bounds
ok 71 - negative and exponent numeric bounds
  ---
  duration_ms: 0.560995
  type: 'test'
  ...
# Subtest: value lists use OR inside a field
ok 72 - value lists use OR inside a field
  ---
  duration_ms: 0.526824
  type: 'test'
  ...
# Subtest: multiple field predicates produce independent AND filters
ok 73 - multiple field predicates produce independent AND filters
  ---
  duration_ms: 1.127039
  type: 'test'
  ...
# Subtest: quoted comma is one literal value
ok 74 - quoted comma is one literal value
  ---
  duration_ms: 0.621797
  type: 'test'
  ...
# Subtest: mixed quoted list items retain spaces
ok 75 - mixed quoted list items retain spaces
  ---
  duration_ms: 0.473294
  type: 'test'
  ...
# Subtest: leading quoted list item retains its delimiter
ok 76 - leading quoted list item retains its delimiter
  ---
  duration_ms: 0.492892
  type: 'test'
  ...
# Subtest: JSON lists preserve their native scalar values
ok 77 - JSON lists preserve their native scalar values
  ---
  duration_ms: 0.442206
  type: 'test'
  ...
# Subtest: missing differs from literal null text
ok 78 - missing differs from literal null text
  ---
  duration_ms: 0.852455
  type: 'test'
  ...
# Subtest: empty selection is not a clear operation
ok 79 - empty selection is not a clear operation
  ---
  duration_ms: 0.508797
  type: 'test'
  ...
# Subtest: clear all uses an empty native filter list
ok 80 - clear all uses an empty native filter list
  ---
  duration_ms: 0.412552
  type: 'test'
  ...
# Subtest: boolean filters remain boolean
ok 81 - boolean filters remain boolean
  ---
  duration_ms: 0.478241
  type: 'test'
  ...
# Subtest: date range preserves date-only endpoints
ok 82 - date range preserves date-only endpoints
  ---
  duration_ms: 1.082111
  type: 'test'
  ...
# Subtest: impossible dates are rejected
ok 83 - impossible dates are rejected
  ---
  duration_ms: 0.624311
  type: 'test'
  ...
# Subtest: timezone-free timestamps are rejected
ok 84 - timezone-free timestamps are rejected
  ---
  duration_ms: 0.492202
  type: 'test'
  ...
# Subtest: ISO timestamp range checks instants
ok 85 - ISO timestamp range checks instants
  ---
  duration_ms: 0.430458
  type: 'test'
  ...
# Subtest: text operator contains
ok 86 - text operator contains
  ---
  duration_ms: 0.978485
  type: 'test'
  ...
# Subtest: text operator equals
ok 87 - text operator equals
  ---
  duration_ms: 0.463458
  type: 'test'
  ...
# Subtest: text operator starts
ok 88 - text operator starts
  ---
  duration_ms: 0.382116
  type: 'test'
  ...
# Subtest: text operator ends
ok 89 - text operator ends
  ---
  duration_ms: 0.506573
  type: 'test'
  ...
# Subtest: unknown text suffix is rejected
ok 90 - unknown text suffix is rejected
  ---
  duration_ms: 0.386722
  type: 'test'
  ...
# Subtest: range text can be matched literally
ok 91 - range text can be matched literally
  ---
  duration_ms: 0.410228
  type: 'test'
  ...
# Subtest: range on a categorical field is not guessed
ok 92 - range on a categorical field is not guessed
  ---
  duration_ms: 0.429327
  type: 'test'
  ...
# Subtest: numeric values do not accept quoted numbers
ok 93 - numeric values do not accept quoted numbers
  ---
  duration_ms: 0.421515
  type: 'test'
  ...
# Subtest: strict comparison has no epsilon approximation
ok 94 - strict comparison has no epsilon approximation
  ---
  duration_ms: 0.369056
  type: 'test'
  ...
# Subtest: reversed bounds are rejected
ok 95 - reversed bounds are rejected
  ---
  duration_ms: 0.425911
  type: 'test'
  ...
# Subtest: two missing endpoints are rejected
ok 96 - two missing endpoints are rejected
  ---
  duration_ms: 0.418901
  type: 'test'
  ...
# Subtest: nested filter values are rejected
ok 97 - nested filter values are rejected
  ---
  duration_ms: 0.38442
  type: 'test'
  ...
# Subtest: unquoted nonfinite values are rejected
ok 98 - unquoted nonfinite values are rejected
  ---
  duration_ms: 0.419782
  type: 'test'
  ...
# Subtest: calculation filters resolve output name
ok 99 - calculation filters resolve output name
  ---
  duration_ms: 0.484871
  type: 'test'
  ...
# Subtest: source alias and raw field are one filter identity
ok 100 - source alias and raw field are one filter identity
  ---
  duration_ms: 0.482717
  type: 'test'
  ...
# Subtest: explicit filter edit replaces only its field
ok 101 - explicit filter edit replaces only its field
  ---
  duration_ms: 2.155999
  type: 'test'
  ...
# Subtest: a field clear preserves other chart predicates
ok 102 - a field clear preserves other chart predicates
  ---
  duration_ms: 0.655127
  type: 'test'
  ...
# Subtest: all-filter clear is explicit by chart ID
ok 103 - all-filter clear is explicit by chart ID
  ---
  duration_ms: 0.434454
  type: 'test'
  ...
# Subtest: base wildcard is not an implicit filter reset
ok 104 - base wildcard is not an implicit filter reset
  ---
  duration_ms: 0.35165
  type: 'test'
  ...
# Subtest: literal star survives quoting
ok 105 - literal star survives quoting
  ---
  duration_ms: 0.451741
  type: 'test'
  ...
# Subtest: two edits of the same filter fail, not last wins
ok 106 - two edits of the same filter fail, not last wins
  ---
  duration_ms: 0.527345
  type: 'test'
  ...
# Subtest: mixing shorthand/native filters is rejected
ok 107 - mixing shorthand/native filters is rejected
  ---
  duration_ms: 0.510209
  type: 'test'
  ...
# Subtest: raw native filter schemas are validated
ok 108 - raw native filter schemas are validated
  ---
  duration_ms: 0.512603
  type: 'test'
  ...
# Subtest: raw native filters do not bypass finite-bound checks
ok 109 - raw native filters do not bypass finite-bound checks
  ---
  duration_ms: 0.400634
  type: 'test'
  ...
# Subtest: table cannot silently filter a field outside its columns
ok 110 - table cannot silently filter a field outside its columns
  ---
  duration_ms: 0.442017
  type: 'test'
  ...
# Subtest: histogram cannot silently filter an unrelated field
ok 111 - histogram cannot silently filter an unrelated field
  ---
  duration_ms: 0.386572
  type: 'test'
  ...
# Subtest: row chart still only supports its own value filter
ok 112 - row chart still only supports its own value filter
  ---
  duration_ms: 0.395977
  type: 'test'
  ...
# Subtest: scatter unsupported own-dimming filter is rejected
ok 113 - scatter unsupported own-dimming filter is rejected
  ---
  duration_ms: 0.433603
  type: 'test'
  ...
# Subtest: scatter color field makes the same value filter effective
ok 114 - scatter color field makes the same value filter effective
  ---
  duration_ms: 0.447294
  type: 'test'
  ...
# Subtest: scatter numeric-axis missing filter is not falsely certified
ok 115 - scatter numeric-axis missing filter is not falsely certified
  ---
  duration_ms: 0.457759
  type: 'test'
  ...
# Subtest: disjoint linked chart ranges produce a diagnostic
ok 116 - disjoint linked chart ranges produce a diagnostic
  ---
  duration_ms: 0.555547
  type: 'test'
  ...
# Subtest: formatting preserves calculations metadata and filters
ok 117 - formatting preserves calculations metadata and filters
  ---
  duration_ms: 1.888866
  type: 'test'
  ...
# Subtest: formatting does not split expression ternaries or functions
ok 118 - formatting does not split expression ternaries or functions
  ---
  duration_ms: 0.13947
  type: 'test'
  ...
# Subtest: metric shorthand sum average count are native aggregates
ok 119 - metric shorthand sum average count are native aggregates
  ---
  duration_ms: 0.580224
  type: 'test'
  ...
# Subtest: metric sum shorthand cannot silently conflict with measure
ok 120 - metric sum shorthand cannot silently conflict with measure
  ---
  duration_ms: 0.460353
  type: 'test'
  ...
# Subtest: all output explicitly denies production readiness
ok 121 - all output explicitly denies production readiness
  ---
  duration_ms: 0.366733
  type: 'test'
  ...
# Subtest: unknown filter field targets the key, not its bound
ok 122 - unknown filter field targets the key, not its bound
  ---
  duration_ms: 0.701768
  type: 'test'
  ...
# Subtest: numeric list membership is not misrepresented as numeric coercion
ok 123 - numeric list membership is not misrepresented as numeric coercion
  ---
  duration_ms: 0.491421
  type: 'test'
  ...
# Subtest: dashboard: example passes subset checker
ok 124 - dashboard: example passes subset checker
  ---
  duration_ms: 12.093744
  type: 'test'
  ...
# Subtest: quickstart: example passes subset checker
ok 125 - quickstart: example passes subset checker
  ---
  duration_ms: 1.196323
  type: 'test'
  ...
# Subtest: one-line: example passes subset checker
ok 126 - one-line: example passes subset checker
  ---
  duration_ms: 0.703961
  type: 'test'
  ...
# Subtest: edits: example passes subset checker
ok 127 - edits: example passes subset checker
  ---
  duration_ms: 0.735058
  type: 'test'
  ...
# Subtest: exact: example passes subset checker
ok 128 - exact: example passes subset checker
  ---
  duration_ms: 0.972806
  type: 'test'
  ...
# Subtest: v1 and v2 four-chart fixtures preserve JSON-visible semantic content
ok 129 - v1 and v2 four-chart fixtures preserve JSON-visible semantic content
  ---
  duration_ms: 3.35827
  type: 'test'
  ...
# Subtest: indentation is cosmetic: ""
ok 130 - indentation is cosmetic: ""
  ---
  duration_ms: 0.587686
  type: 'test'
  ...
# Subtest: indentation is cosmetic: " "
ok 131 - indentation is cosmetic: " "
  ---
  duration_ms: 0.518061
  type: 'test'
  ...
# Subtest: indentation is cosmetic: "    "
ok 132 - indentation is cosmetic: "    "
  ---
  duration_ms: 0.483488
  type: 'test'
  ...
# Subtest: indentation is cosmetic: "\\t"
ok 133 - indentation is cosmetic: "\\t"
  ---
  duration_ms: 0.635758
  type: 'test'
  ...
# Subtest: indentation is cosmetic: "\\t  "
ok 134 - indentation is cosmetic: "\\t  "
  ---
  duration_ms: 0.525352
  type: 'test'
  ...
# Subtest: optional whitespace around assignment: "="
ok 135 - optional whitespace around assignment: "="
  ---
  duration_ms: 0.213272
  type: 'test'
  ...
# Subtest: optional whitespace around assignment: " = "
ok 136 - optional whitespace around assignment: " = "
  ---
  duration_ms: 0.177758
  type: 'test'
  ...
# Subtest: optional whitespace around assignment: "= "
ok 137 - optional whitespace around assignment: "= "
  ---
  duration_ms: 0.16592
  type: 'test'
  ...
# Subtest: optional whitespace around assignment: " ="
ok 138 - optional whitespace around assignment: " ="
  ---
  duration_ms: 0.193041
  type: 'test'
  ...
# Subtest: numeric type annotation num
ok 139 - numeric type annotation num
  ---
  duration_ms: 0.310438
  type: 'test'
  ...
# Subtest: numeric type annotation numeric
ok 140 - numeric type annotation numeric
  ---
  duration_ms: 0.210908
  type: 'test'
  ...
# Subtest: type annotation cat
ok 141 - type annotation cat
  ---
  duration_ms: 0.224668
  type: 'test'
  ...
# Subtest: type annotation date
ok 142 - type annotation date
  ---
  duration_ms: 0.216847
  type: 'test'
  ...
# Subtest: type annotation bool
ok 143 - type annotation bool
  ---
  duration_ms: 0.173952
  type: 'test'
  ...
# Subtest: same-name source binding and raw field can be omitted
ok 144 - same-name source binding and raw field can be omitted
  ---
  duration_ms: 0.340854
  type: 'test'
  ...
# Subtest: only source selected automatically
ok 145 - only source selected automatically
  ---
  duration_ms: 0.393613
  type: 'test'
  ...
# Subtest: multiple sources require selection
ok 146 - multiple sources require selection
  ---
  duration_ms: 0.745453
  type: 'test'
  ...
# Subtest: multiple sources with explicit use bind one workspace
ok 147 - multiple sources with explicit use bind one workspace
  ---
  duration_ms: 0.200923
  type: 'test'
  ...
# Subtest: source cannot change midway through charts
ok 148 - source cannot change midway through charts
  ---
  duration_ms: 0.286962
  type: 'test'
  ...
# Subtest: missing host catalog does not pass bindings
ok 149 - missing host catalog does not pass bindings
  ---
  duration_ms: 0.166621
  type: 'test'
  ...
# Subtest: expected type never silently converts
ok 150 - expected type never silently converts
  ---
  duration_ms: 0.1927
  type: 'test'
  ...
# Subtest: explicit conversion emits type metadata
ok 151 - explicit conversion emits type metadata
  ---
  duration_ms: 0.251278
  type: 'test'
  ...
# Subtest: old expect word is rejected with inline-type suggestion
ok 152 - old expect word is rejected with inline-type suggestion
  ---
  duration_ms: 0.276426
  type: 'test'
  ...
# Subtest: alias shadowing remains an error
ok 153 - alias shadowing remains an error
  ---
  duration_ms: 0.239972
  type: 'test'
  ...
# Subtest: unknown field diagnostic highlights original value
ok 154 - unknown field diagnostic highlights original value
  ---
  duration_ms: 8.556293
  type: 'test'
  ...
# Subtest: same explicit native property cannot have two values
ok 155 - same explicit native property cannot have two values
  ---
  duration_ms: 0.402026
  type: 'test'
  ...
# Subtest: exact config does not silently override shorthand
ok 156 - exact config does not silently override shorthand
  ---
  duration_ms: 0.37829
  type: 'test'
  ...
# Subtest: object leaf collision cannot silently override path
ok 157 - object leaf collision cannot silently override path
  ---
  duration_ms: 0.223958
  type: 'test'
  ...
# Subtest: object properties merge when disjoint
ok 158 - object properties merge when disjoint
  ---
  duration_ms: 0.203907
  type: 'test'
  ...
# Subtest: at merges only disjoint properties
ok 159 - at merges only disjoint properties
  ---
  duration_ms: 0.243387
  type: 'test'
  ...
# Subtest: identical duplicate warns rather than alters
ok 160 - identical duplicate warns rather than alters
  ---
  duration_ms: 0.25882
  type: 'test'
  ...
# Subtest: edit is an explicit override with provenance
ok 161 - edit is an explicit override with provenance
  ---
  duration_ms: 0.244008
  type: 'test'
  ...
# Subtest: forward edit target resolves
ok 162 - forward edit target resolves
  ---
  duration_ms: 0.237888
  type: 'test'
  ...
# Subtest: edits cannot rename identity
ok 163 - edits cannot rename identity
  ---
  duration_ms: 0.184658
  type: 'test'
  ...
# Subtest: anonymous chart preview IDs cannot be edit targets
ok 164 - anonymous chart preview IDs cannot be edit targets
  ---
  duration_ms: 0.368585
  type: 'test'
  ...
# Subtest: competing edits conflict instead of last-write-wins
ok 165 - competing edits conflict instead of last-write-wins
  ---
  duration_ms: 0.241775
  type: 'test'
  ...
# Subtest: explicit IDs may be unusual when quoted
ok 166 - explicit IDs may be unusual when quoted
  ---
  duration_ms: 0.324549
  type: 'test'
  ...
# Subtest: duplicate IDs fail
ok 167 - duplicate IDs fail
  ---
  duration_ms: 0.307483
  type: 'test'
  ...
# Subtest: stray continuation is not ignored
ok 168 - stray continuation is not ignored
  ---
  duration_ms: 0.115804
  type: 'test'
  ...
# Subtest: unprefixed settings never silently update preceding chart
ok 169 - unprefixed settings never silently update preceding chart
  ---
  duration_ms: 0.163807
  type: 'test'
  ...
# Subtest: comment and blank line do not detach plus
ok 170 - comment and blank line do not detach plus
  ---
  duration_ms: 1.630567
  type: 'test'
  ...
# Subtest: new declaration terminates previous continuation
ok 171 - new declaration terminates previous continuation
  ---
  duration_ms: 0.224148
  type: 'test'
  ...
# Subtest: obvious single input: hist Revenue bins=24
ok 172 - obvious single input: hist Revenue bins=24
  ---
  duration_ms: 0.248345
  type: 'test'
  ...
# Subtest: obvious single input: row Category
ok 173 - obvious single input: row Category
  ---
  duration_ms: 0.237868
  type: 'test'
  ...
# Subtest: obvious single input: table Revenue,Margin
ok 174 - obvious single input: table Revenue,Margin
  ---
  duration_ms: 0.422567
  type: 'test'
  ...
# Subtest: scatter rejects positional X/Y
ok 175 - scatter rejects positional X/Y
  ---
  duration_ms: 0.148604
  type: 'test'
  ...
# Subtest: compact and JSON lists are equivalent
ok 176 - compact and JSON lists are equivalent
  ---
  duration_ms: 0.235194
  type: 'test'
  ...
# Subtest: comma in quoted field is one field
ok 177 - comma in quoted field is one field
  ---
  duration_ms: 0.215124
  type: 'test'
  ...
# Subtest: compact tuple and JSON tuple are equivalent
ok 178 - compact tuple and JSON tuple are equivalent
  ---
  duration_ms: 0.342796
  type: 'test'
  ...
# Subtest: bad layout tuple 0,0,6
ok 179 - bad layout tuple 0,0,6
  ---
  duration_ms: 0.167022
  type: 'test'
  ...
# Subtest: bad layout tuple 0,,6,5
ok 180 - bad layout tuple 0,,6,5
  ---
  duration_ms: 0.259451
  type: 'test'
  ...
# Subtest: bad layout tuple [0,null,6,5]
ok 181 - bad layout tuple [0,null,6,5]
  ---
  duration_ms: 0.18612
  type: 'test'
  ...
# Subtest: bad layout tuple -1,0,6,5
ok 182 - bad layout tuple -1,0,6,5
  ---
  duration_ms: 0.200072
  type: 'test'
  ...
# Subtest: bad layout tuple 0,0,0,5
ok 183 - bad layout tuple 0,0,0,5
  ---
  duration_ms: 0.168034
  type: 'test'
  ...
# Subtest: arrays are explicit complete values
ok 184 - arrays are explicit complete values
  ---
  duration_ms: 0.150196
  type: 'test'
  ...
# Subtest: array index edits are rejected rather than improvised
ok 185 - array index edits are rejected rather than improvised
  ---
  duration_ms: 0.244158
  type: 'test'
  ...
# Subtest: bare title cannot swallow the following settings
ok 186 - bare title cannot swallow the following settings
  ---
  duration_ms: 0.199551
  type: 'test'
  ...
# Subtest: quoted title protects option-shaped words
ok 187 - quoted title protects option-shaped words
  ---
  duration_ms: 0.184108
  type: 'test'
  ...
# Subtest: primitive-looking text is preserved by quotes
ok 188 - primitive-looking text is preserved by quotes
  ---
  duration_ms: 0.15895
  type: 'test'
  ...
# Subtest: empty string remains distinct from omission
ok 189 - empty string remains distinct from omission
  ---
  duration_ms: 0.162295
  type: 'test'
  ...
# Subtest: typed text does not accept bare boolean
ok 190 - typed text does not accept bare boolean
  ---
  duration_ms: 0.199751
  type: 'test'
  ...
# Subtest: single quotes and hex-color tokens lex without becoming comments
ok 191 - single quotes and hex-color tokens lex without becoming comments
  ---
  duration_ms: 0.338
  type: 'test'
  ...
# Subtest: inline comment stops token parsing
ok 192 - inline comment stops token parsing
  ---
  duration_ms: 0.56443
  type: 'test'
  ...
# Subtest: decimal and exponent settings are finite
ok 193 - decimal and exponent settings are finite
  ---
  duration_ms: 0.513543
  type: 'test'
  ...
# Subtest: reject nonfinite Infinity
ok 194 - reject nonfinite Infinity
  ---
  duration_ms: 0.288265
  type: 'test'
  ...
# Subtest: reject nonfinite NaN
ok 195 - reject nonfinite NaN
  ---
  duration_ms: 0.246782
  type: 'test'
  ...
# Subtest: reject nonfinite 1e400
ok 196 - reject nonfinite 1e400
  ---
  duration_ms: 0.171679
  type: 'test'
  ...
# Subtest: JSON duplicate keys are rejected
ok 197 - JSON duplicate keys are rejected
  ---
  duration_ms: 0.179781
  type: 'test'
  ...
# Subtest: escaped duplicate keys are rejected
ok 198 - escaped duplicate keys are rejected
  ---
  duration_ms: 0.168083
  type: 'test'
  ...
# Subtest: same JSON key in separate sibling objects is allowed
ok 199 - same JSON key in separate sibling objects is allowed
  ---
  duration_ms: 0.186622
  type: 'test'
  ...
# Subtest: prototype-polluting path rejected
ok 200 - prototype-polluting path rejected
  ---
  duration_ms: 0.32484
  type: 'test'
  ...
# Subtest: prototype-polluting JSON rejected
ok 201 - prototype-polluting JSON rejected
  ---
  duration_ms: 0.163846
  type: 'test'
  ...
# Subtest: unknown native setting remains an error with suggestion
ok 202 - unknown native setting remains an error with suggestion
  ---
  duration_ms: 0.340983
  type: 'test'
  ...
# Subtest: unsupported effective scatter scale fails
ok 203 - unsupported effective scatter scale fails
  ---
  duration_ms: 0.187162
  type: 'test'
  ...
# Subtest: known ineffective scatter domains remain flagged
ok 204 - known ineffective scatter domains remain flagged
  ---
  duration_ms: 0.342206
  type: 'test'
  ...
# Subtest: invalid chart families are not falsely accepted
ok 205 - invalid chart families are not falsely accepted
  ---
  duration_ms: 0.229947
  type: 'test'
  ...
# Subtest: raw field properties do not silently resolve authoring aliases
ok 206 - raw field properties do not silently resolve authoring aliases
  ---
  duration_ms: 0.212681
  type: 'test'
  ...
# Subtest: unclosed quote recovers at next declaration without attaching + backward
ok 207 - unclosed quote recovers at next declaration without attaching + backward
  ---
  duration_ms: 0.298961
  type: 'test'
  ...
# Subtest: mismatched JSON brackets recover
ok 208 - mismatched JSON brackets recover
  ---
  duration_ms: 0.150617
  type: 'test'
  ...
# Subtest: missing assignment value before next pair is not a swallowed field
ok 209 - missing assignment value before next pair is not a swallowed field
  ---
  duration_ms: 0.149766
  type: 'test'
  ...
# Subtest: input limit is enforced
ok 210 - input limit is enforced
  ---
  duration_ms: 0.097507
  type: 'test'
  ...
# Subtest: deep JSON rejected without stack overflow
ok 211 - deep JSON rejected without stack overflow
  ---
  duration_ms: 0.094152
  type: 'test'
  ...
# Subtest: formatter at 40 is idempotent and preserves preview
ok 212 - formatter at 40 is idempotent and preserves preview
  ---
  duration_ms: 2.904658
  type: 'test'
  ...
# Subtest: formatter at 50 is idempotent and preserves preview
ok 213 - formatter at 50 is idempotent and preserves preview
  ---
  duration_ms: 1.574493
  type: 'test'
  ...
# Subtest: formatter at 64 is idempotent and preserves preview
ok 214 - formatter at 64 is idempotent and preserves preview
  ---
  duration_ms: 2.137451
  type: 'test'
  ...
# Subtest: formatter at 80 is idempotent and preserves preview
ok 215 - formatter at 80 is idempotent and preserves preview
  ---
  duration_ms: 2.273907
  type: 'test'
  ...
# Subtest: formatter never splits a quoted atom
ok 216 - formatter never splits a quoted atom
  ---
  duration_ms: 0.101513
  type: 'test'
  ...
# Subtest: formatter preserves comment-containing statements
ok 217 - formatter preserves comment-containing statements
  ---
  duration_ms: 0.079329
  type: 'test'
  ...
# Subtest: formatter refuses malformed input
ok 218 - formatter refuses malformed input
  ---
  duration_ms: 0.069204
  type: 'test'
  ...
# Subtest: format width is bounded
ok 219 - format width is bounded
  ---
  duration_ms: 0.113792
  type: 'test'
  ...
# Subtest: CRLF and LF bind identically
ok 220 - CRLF and LF bind identically
  ---
  duration_ms: 0.768688
  type: 'test'
  ...
# Subtest: all declared native output is clearly patches-only and runtime unverified
ok 221 - all declared native output is clearly patches-only and runtime unverified
  ---
  duration_ms: 0.271669
  type: 'test'
  ...
# Subtest: unresolved shorthand has one field error, not a raw-lowering echo
ok 222 - unresolved shorthand has one field error, not a raw-lowering echo
  ---
  duration_ms: 0.317288
  type: 'test'
  ...
# Subtest: suppressing a lowering echo keeps independent exact-native field errors
ok 223 - suppressing a lowering echo keeps independent exact-native field errors
  ---
  duration_ms: 0.203727
  type: 'test'
  ...
# Subtest: outline: complete four-chart dashboard passes subset checks
ok 224 - outline: complete four-chart dashboard passes subset checks
  ---
  duration_ms: 8.13611
  type: 'test'
  ...
# Subtest: phrase: complete four-chart dashboard passes subset checks
ok 225 - phrase: complete four-chart dashboard passes subset checks
  ---
  duration_ms: 1.361842
  type: 'test'
  ...
# Subtest: slots: complete four-chart dashboard passes subset checks
ok 226 - slots: complete four-chart dashboard passes subset checks
  ---
  duration_ms: 0.841769
  type: 'test'
  ...
# Subtest: all three dialects normalize to identical native-name patches
ok 227 - all three dialects normalize to identical native-name patches
  ---
  duration_ms: 3.71568
  type: 'test'
  ...
# Subtest: raw-config.outline: shipped runnable example passes
ok 228 - raw-config.outline: shipped runnable example passes
  ---
  duration_ms: 0.87585
  type: 'test'
  ...
# Subtest: no-sources.outline: shipped runnable example passes
ok 229 - no-sources.outline: shipped runnable example passes
  ---
  duration_ms: 0.312691
  type: 'test'
  ...
# Subtest: metric.outline: shipped runnable example passes
ok 230 - metric.outline: shipped runnable example passes
  ---
  duration_ms: 0.468426
  type: 'test'
  ...
# Subtest: inline.outline: shipped runnable example passes
ok 231 - inline.outline: shipped runnable example passes
  ---
  duration_ms: 0.354975
  type: 'test'
  ...
# Subtest: inline.slots: shipped runnable example passes
ok 232 - inline.slots: shipped runnable example passes
  ---
  duration_ms: 0.693956
  type: 'test'
  ...
# Subtest: source aliases compile to raw keys, not labels
ok 233 - source aliases compile to raw keys, not labels
  ---
  duration_ms: 0.786536
  type: 'test'
  ...
# Subtest: unknown field provides suggestions without correcting input
ok 234 - unknown field provides suggestions without correcting input
  ---
  duration_ms: 0.880987
  type: 'test'
  ...
# Subtest: bad chart does not hide errors in the following chart
ok 235 - bad chart does not hide errors in the following chart
  ---
  duration_ms: 0.738223
  type: 'test'
  ...
# Subtest: duplicate IDs are errors with the original location
ok 236 - duplicate IDs are errors with the original location
  ---
  duration_ms: 0.502557
  type: 'test'
  ...
# Subtest: duplicate shorthand settings are not silently last-write-wins
ok 237 - duplicate shorthand settings are not silently last-write-wins
  ---
  duration_ms: 0.339231
  type: 'test'
  ...
# Subtest: explicit raw overrides get a diagnostic and take precedence
ok 238 - explicit raw overrides get a diagnostic and take precedence
  ---
  duration_ms: 0.388275
  type: 'test'
  ...
# Subtest: raw override precedence does not depend on its textual position
ok 239 - raw override precedence does not depend on its textual position
  ---
  duration_ms: 0.673505
  type: 'test'
  ...
# Subtest: raw typed property paths and nested equivalents match
ok 240 - raw typed property paths and nested equivalents match
  ---
  duration_ms: 0.878214
  type: 'test'
  ...
# Subtest: unknown nested raw settings are rejected
ok 241 - unknown nested raw settings are rejected
  ---
  duration_ms: 0.367754
  type: 'test'
  ...
# Subtest: arbitrary unknown raw properties are not an escape from checking
ok 242 - arbitrary unknown raw properties are not an escape from checking
  ---
  duration_ms: 0.975771
  type: 'test'
  ...
# Subtest: empty arrays remain empty arrays, not omission
ok 243 - empty arrays remain empty arrays, not omission
  ---
  duration_ms: 0.578491
  type: 'test'
  ...
# Subtest: object arrays preserve order and custom column IDs
ok 244 - object arrays preserve order and custom column IDs
  ---
  duration_ms: 0.672303
  type: 'test'
  ...
# Subtest: quoted primitive-looking text stays text
ok 245 - quoted primitive-looking text stays text
  ---
  duration_ms: 0.555788
  type: 'test'
  ...
# Subtest: inline JSON array is accepted in raw config
ok 246 - inline JSON array is accepted in raw config
  ---
  duration_ms: 0.347684
  type: 'test'
  ...
# Subtest: hex color literals are not comments
ok 247 - hex color literals are not comments
  ---
  duration_ms: 0.29865
  type: 'test'
  ...
# Subtest: an unfinished quote is diagnosed locally
ok 248 - an unfinished quote is diagnosed locally
  ---
  duration_ms: 0.353122
  type: 'test'
  ...
# Subtest: tabs are diagnosed, not silently normalized
ok 249 - tabs are diagnosed, not silently normalized
  ---
  duration_ms: 0.310908
  type: 'test'
  ...
# Subtest: unindented options do not attach to the previous chart
ok 250 - unindented options do not attach to the previous chart
  ---
  duration_ms: 0.331169
  type: 'test'
  ...
# Subtest: keyword field names work in quoted explicit positions
ok 251 - keyword field names work in quoted explicit positions
  ---
  duration_ms: 0.271449
  type: 'test'
  ...
# Subtest: single quoted field names are accepted
ok 252 - single quoted field names are accepted
  ---
  duration_ms: 0.273622
  type: 'test'
  ...
# Subtest: optional colons/equal signs work without becoming mandatory
ok 253 - optional colons/equal signs work without becoming mandatory
  ---
  duration_ms: 0.384379
  type: 'test'
  ...
# Subtest: documented alias is accepted with canonical spelling guidance
ok 254 - documented alias is accepted with canonical spelling guidance
  ---
  duration_ms: 0.361525
  type: 'test'
  ...
# Subtest: categorical scatter axes are valid, unlike numeric histogram input
ok 255 - categorical scatter axes are valid, unlike numeric histogram input
  ---
  duration_ms: 0.355035
  type: 'test'
  ...
# Subtest: symlog on categorical axes is not silently accepted
ok 256 - symlog on categorical axes is not silently accepted
  ---
  duration_ms: 0.402527
  type: 'test'
  ...
# Subtest: stored scatter bounds are preserved but reported as ineffective
ok 257 - stored scatter bounds are preserved but reported as ineffective
  ---
  duration_ms: 0.332121
  type: 'test'
  ...
# Subtest: raw references do not expand aliases
ok 258 - raw references do not expand aliases
  ---
  duration_ms: 0.325671
  type: 'test'
  ...
# Subtest: one workspace cannot silently mix sources
ok 259 - one workspace cannot silently mix sources
  ---
  duration_ms: 0.332951
  type: 'test'
  ...
# Subtest: missing catalog gives deferred status, never full binding success
ok 260 - missing catalog gives deferred status, never full binding success
  ---
  duration_ms: 0.329857
  type: 'test'
  ...
# Subtest: source type expectations do not coerce host field types
ok 261 - source type expectations do not coerce host field types
  ---
  duration_ms: 1.298166
  type: 'test'
  ...
# Subtest: optional source fields can be missing while unused
ok 262 - optional source fields can be missing while unused
  ---
  duration_ms: 0.201413
  type: 'test'
  ...
# Subtest: using a missing optional field still errors
ok 263 - using a missing optional field still errors
  ---
  duration_ms: 0.161975
  type: 'test'
  ...
# Subtest: field alias cannot shadow a different raw field
ok 264 - field alias cannot shadow a different raw field
  ---
  duration_ms: 0.209676
  type: 'test'
  ...
# Subtest: range bounds are checked and open ends survive
ok 265 - range bounds are checked and open ends survive
  ---
  duration_ms: 0.442397
  type: 'test'
  ...
# Subtest: null and literal null remain distinct filter values
ok 266 - null and literal null remain distinct filter values
  ---
  duration_ms: 0.275415
  type: 'test'
  ...
# Subtest: nonfinite raw numbers are rejected
ok 267 - nonfinite raw numbers are rejected
  ---
  duration_ms: 8.266056
  type: 'test'
  ...
# Subtest: prototype-pollution paths and objects are rejected
ok 268 - prototype-pollution paths and objects are rejected
  ---
  duration_ms: 0.766505
  type: 'test'
  ...
# Subtest: unsupported full-design declarations fail explicitly
ok 269 - unsupported full-design declarations fail explicitly
  ---
  duration_ms: 0.275665
  type: 'test'
  ...
# Subtest: type discrimination survives raw config
ok 270 - type discrimination survives raw config
  ---
  duration_ms: 0.37855
  type: 'test'
  ...
# Subtest: wrong-chart options are rejected
ok 271 - wrong-chart options are rejected
  ---
  duration_ms: 0.290878
  type: 'test'
  ...
# Subtest: layout dimensions must be positive integers
ok 272 - layout dimensions must be positive integers
  ---
  duration_ms: 0.308425
  type: 'test'
  ...
# Subtest: same input produces identical diagnostics and previews
ok 273 - same input produces identical diagnostics and previews
  ---
  duration_ms: 1.100748
  type: 'test'
  ...
# Subtest: JSON strings preserve embedded comments, delimiters, and spaces
ok 274 - JSON strings preserve embedded comments, delimiters, and spaces
  ---
  duration_ms: 0.372752
  type: 'test'
  ...
# Subtest: native DataTable interface does not gain invented aggregateId support
ok 275 - native DataTable interface does not gain invented aggregateId support
  ---
  duration_ms: 0.283537
  type: 'test'
  ...
1..275
# tests 275
# suites 0
# pass 275
# fail 0
# cancelled 0
# skipped 0
# todo 0
# duration_ms 243.067544
